// Jest Snapshot v1, https://goo.gl/fbAQLP

exports[`TEST APP renders learn react link 1`] = `
<input
  placeholder="value..."
  type="text"
/>
`;

exports[`renders learn react link 1`] = `
<input
  placeholder="value..."
  type="text"
/>
`;
